[backblue.gif]
[fade.gif]
[index.html]
[vzestup.webpark.cz/vzestup_portal.ico]
[vzestup.webpark.cz/violetmarble.jpg]
[vzestup.webpark.cz/violetfire.jpg]
[vzestup.webpark.cz/portal.jpg]
[vzestup.webpark.cz/threecircle.jpg]
[vzestup.webpark.cz/kkniha_1s.jpg]
[vzestup.webpark.cz/katka/horskystit.pdf]
[vzestup.webpark.cz/hsobal.jpg]
[vzestup.webpark.cz/gautama.jpg]
[vzestup.webpark.cz/prst.jpg]
[vzestup.webpark.cz/bell2.gif]
[vzestup.webpark.cz/armand1.jpg]
[vzestup.webpark.cz/asea/asea.jpg]
[vzestup.webpark.cz/wm/masthd1.jpg]
[vzestup.webpark.cz/zvonek.gif]
[www.clocklink.com/embed.js]
[vzestup.webpark.cz/stesticko.gif]
[vzestup.webpark.cz/index.html]
[vzestup.webpark.cz/f_plamen/vfworld.jpg]
[vzestup.webpark.cz/f_plamen/index_fp.html]
[vzestup.webpark.cz/uvod.html]
[vzestup.webpark.cz/karen/welcome.symbol.jpg]
[vzestup.webpark.cz/karen/9_intent.pdf]
[vzestup.webpark.cz/heart2.gif]
[vzestup.webpark.cz/karen/LOL/lolkarty1tisk.pdf]
[vzestup.webpark.cz/karen/LOL/lolkarty2tisk.pdf]
[vzestup.webpark.cz/karen/LOL/lolkarty2.pdf]
[vzestup.webpark.cz/karen/index_vz.html]
[vzestup.webpark.cz/acrobat.gif]
[vzestup.webpark.cz/katka/kkniha_2.jpg]
[vzestup.webpark.cz/katka/kkniha.html]
[vzestup.webpark.cz/moudra/the_ultimate_being.jpg]
[vzestup.webpark.cz/moudra/reikiiniciace.pdf]
[vzestup.webpark.cz/moudra/kosorays_v4.pdf]
[vzestup.webpark.cz/moudra/sokaisi_v4.pdf]
[vzestup.webpark.cz/moudra/kofu_v4.pdf]
[vzestup.webpark.cz/moudra/christicforce_v3.pdf]
[vzestup.webpark.cz/moudra/alcyoneradiance_v1.pdf]
[vzestup.webpark.cz/moudra/bilesvetlo_v1.pdf]
[vzestup.webpark.cz/moudra/zalmoxis.pdf]
[vzestup.webpark.cz/moudra/nekonecnalaska.pdf]
[vzestup.webpark.cz/moudra/pravalaska.pdf]
[vzestup.webpark.cz/moudra/kristovo_zezlo.pdf]
[vzestup.webpark.cz/moudra/zasveceni_dvou_srdci.pdf]
[vzestup.webpark.cz/jack/jack01.pdf]
[vzestup.webpark.cz/jack/jack02.pdf]
[vzestup.webpark.cz/jack/jack03.pdf]
[vzestup.webpark.cz/jack/jack04.pdf]
[vzestup.webpark.cz/moudra/kurzbozivule.pdf]
[vzestup.webpark.cz/moudra/index_m.html]
[vzestup.webpark.cz/rc/prst.ico]
[vzestup.webpark.cz/rc/grey1.gif]
[vzestup.webpark.cz/rc/michelangelo.jpg]
[vzestup.webpark.cz/rc/poster_czech1.jpg]
[vzestup.webpark.cz/rc/hn.jpg]
[vzestup.webpark.cz/rc/mail.gif]
[vzestup.webpark.cz/rc/cert1.jpg]
[vzestup.webpark.cz/rc/cert1s.jpg]
[vzestup.webpark.cz/rc/eric02.jpg]
[vzestup.webpark.cz/rc/eric02s.jpg]
[vzestup.webpark.cz/rc/cert2.jpg]
[vzestup.webpark.cz/rc/cert2s.jpg]
[vzestup.webpark.cz/rc/eric01.jpg]
[vzestup.webpark.cz/rc/eric01s.jpg]
[vzestup.webpark.cz/rc/eric04.jpg]
[vzestup.webpark.cz/rc/eric04s.jpg]
[vzestup.webpark.cz/rc/eric03.jpg]
[vzestup.webpark.cz/rc/eric03s.jpg]
[vzestup.webpark.cz/rc/index_rc.html]
[vzestup.webpark.cz/gong.wav]
[vzestup.webpark.cz/wm/james_svrchovana-jednota.pdf]
[vzestup.webpark.cz/wm/zivot_ze_srdce.pdf]
[vzestup.webpark.cz/wm/lyricus4cz.pdf]
[vzestup.webpark.cz/vyzva.doc]
[vzestup.webpark.cz/wm/lyricus3cz.pdf]
[vzestup.webpark.cz/moudra/vzestup.jpg]
[vzestup.webpark.cz/wm/lyricus2cz.pdf]
[vzestup.webpark.cz/wm/lyricus1cz.pdf]
[vzestup.webpark.cz/zpravy.html]
[vzestup.webpark.cz/asea/aseabottle.ico]
[vzestup.webpark.cz/asea/index_asea.html]
[vzestup.webpark.cz/wm/stone1.jpg]
[vzestup.webpark.cz/wm/masthd5.jpg]
[vzestup.webpark.cz/wm/interview1.pdf]
[vzestup.webpark.cz/wm/interview2.pdf]
[vzestup.webpark.cz/wm/interview3.pdf]
[vzestup.webpark.cz/wm/philosophy1.pdf]
[vzestup.webpark.cz/wm/philosophy2.pdf]
[vzestup.webpark.cz/wm/philosophy3.pdf]
[vzestup.webpark.cz/wm/glossary.pdf]
[vzestup.webpark.cz/wm/manifesto.pdf]
[vzestup.webpark.cz/wm/cosmogony.pdf]
[vzestup.webpark.cz/wm/purpose.pdf]
[vzestup.webpark.cz/wm/eventstrings.pdf]
[vzestup.webpark.cz/wm/mantustia.pdf]
[vzestup.webpark.cz/wm/message.pdf]
[vzestup.webpark.cz/wm/revelation.pdf]
[vzestup.webpark.cz/wm/wm_fs_cz.exe]
[vzestup.webpark.cz/wm/philosophy4.pdf]
[vzestup.webpark.cz/wm/james_justin.pdf]
[vzestup.webpark.cz/wm/wm-darren.pdf]
[vzestup.webpark.cz/wm/wmpoezie.pdf]
[vzestup.webpark.cz/wm/aap1_cz.pdf]
[vzestup.webpark.cz/wm/secret_passages.pdf]
[vzestup.webpark.cz/wm/index_wm.html]
[vzestup.webpark.cz/index_lx.html]
[vzestup.webpark.cz/f_plamen/index_soubory/editdata.html]
[vzestup.webpark.cz/f_plamen/violetmarble.jpg]
[tsl.org/teachings/violet/images/violetmarble.114.delayed]
[vzestup.webpark.cz/f_plamen/mountainchalice.jpg]
[tsl.org/teachings/violet/images/mountainchalice.118.delayed]
[vzestup.webpark.cz/f_plamen/sgermain.jpg]
[vzestup.webpark.cz/f_plamen/i_am_a_being.ram]
[tsl.org/teachings/violet/audio/I_AM_a_being.11d.delayed]
[vzestup.webpark.cz/f_plamen/rafile.gif]
[vzestup.webpark.cz/f_plamen/atombad_sm.gif]
[vzestup.webpark.cz/f_plamen/violetflame.html]
[vzestup.webpark.cz/f_plamen/atombest_sm.gif]
[vzestup.webpark.cz/f_plamen/vfbonfire.jpg]
[vzestup.webpark.cz/f_plamen/vbman.gif]
[vzestup.webpark.cz/f_plamen/sphere.jpg]
[vzestup.webpark.cz/f_plamen/eraser_bf24.gif]
[tsl.org/teachings/violet/images/eraser_bf24.12a.delayed]
[vzestup.webpark.cz/f_plamen/nine_steps.html]
[vzestup.webpark.cz/f_plamen/tube_of_light.ram]
[tsl.org/teachings/violet/audio/Tube_of_Light.ram]
[vzestup.webpark.cz/f_plamen/traveling_protection.ram]
[tsl.org/teachings/violet/audio/Traveling_Protection.134.delayed]
[vzestup.webpark.cz/f_plamen/guard_guard_guard_us.ram]
[tsl.org/teachings/violet/audio/Guard_guard_guard_us.ram]
[vzestup.webpark.cz/f_plamen/vfanim8.gif]
[vzestup.webpark.cz/f_plamen/waterfall_man.jpg]
[vzestup.webpark.cz/f_plamen/more_violet_fire.ram]
[tsl.org/teachings/violet/audio/More_violet_fire.13e.delayed]
[vzestup.webpark.cz/f_plamen/radiant_spiral_violet.ram]
[tsl.org/teachings/violet/audio/Radiant_spiral_violet.142.delayed]
[vzestup.webpark.cz/f_plamen/decrees.html]
[vzestup.webpark.cz/index-2.html]
[vzestup.webpark.cz/karen/ca_ucel.html]
[vzestup.webpark.cz/karen/ca_what.html]
[vzestup.webpark.cz/karen/wishints.html]
[vzestup.webpark.cz/karen/wishints2.html]
[vzestup.webpark.cz/karen/wisoverview.html]
[vzestup.webpark.cz/karen/ca_krist.html]
[vzestup.webpark.cz/karen/ca_egyp1.gif]
[vzestup.webpark.cz/karen/ca_egyp2.gif]
[vzestup.webpark.cz/karen/ca_egyp3.gif]
[vzestup.webpark.cz/karen/ca_egyp4.gif]
[vzestup.webpark.cz/karen/ca_egyp5.gif]
[vzestup.webpark.cz/karen/ca_egypt.html]
[vzestup.webpark.cz/karen/ca_hier.html]
[vzestup.webpark.cz/karen/ca_5da1.gif]
[vzestup.webpark.cz/karen/ca_5da.html]
[vzestup.webpark.cz/karen/ca_ggu.html]
[vzestup.webpark.cz/karen/a1liber.html]
[vzestup.webpark.cz/karen/ca_cryst.html]
[vzestup.webpark.cz/karen/ca_rize.html]
[vzestup.webpark.cz/karen/ca_beyl.html]
[vzestup.webpark.cz/karen/ca_25da1.gif]
[vzestup.webpark.cz/karen/ca_25da2.gif]
[vzestup.webpark.cz/karen/ca_25da3.gif]
[vzestup.webpark.cz/karen/ca_25da4.gif]
[vzestup.webpark.cz/karen/ca_25da.html]
[vzestup.webpark.cz/karen/a1bodhi.html]
[vzestup.webpark.cz/karen/a17harm.html]
[vzestup.webpark.cz/karen/LOL/lol001.gif]
[vzestup.webpark.cz/karen/LOL/lol002.gif]
[vzestup.webpark.cz/karen/LOL/lol003.gif]
[vzestup.webpark.cz/karen/LOL/lol004.gif]
[vzestup.webpark.cz/karen/LOL/lol005.gif]
[vzestup.webpark.cz/karen/LOL/lol006.gif]
[vzestup.webpark.cz/karen/LOL/lol007.gif]
[vzestup.webpark.cz/karen/LOL/lol008.gif]
[vzestup.webpark.cz/karen/LOL/lol009.gif]
[vzestup.webpark.cz/karen/LOL/lol010.gif]
[vzestup.webpark.cz/karen/LOL/lol011.gif]
[vzestup.webpark.cz/karen/LOL/lol012.gif]
[vzestup.webpark.cz/karen/LOL/lol013.gif]
[vzestup.webpark.cz/karen/LOL/lol014.gif]
[vzestup.webpark.cz/karen/LOL/lol015.gif]
[vzestup.webpark.cz/karen/LOL/lol016.gif]
[vzestup.webpark.cz/karen/LOL/lol017.gif]
[vzestup.webpark.cz/karen/LOL/lol018.gif]
[vzestup.webpark.cz/karen/LOL/lol019.gif]
[vzestup.webpark.cz/karen/LOL/lol020.gif]
[vzestup.webpark.cz/karen/LOL/lol021.gif]
[vzestup.webpark.cz/karen/LOL/lol022.gif]
[vzestup.webpark.cz/karen/LOL/lol023.gif]
[vzestup.webpark.cz/karen/LOL/lol024.gif]
[vzestup.webpark.cz/karen/LOL/lol025.gif]
[vzestup.webpark.cz/karen/LOL/lol026.gif]
[vzestup.webpark.cz/karen/LOL/lol027.gif]
[vzestup.webpark.cz/karen/LOL/lol028.gif]
[vzestup.webpark.cz/karen/LOL/lol029.gif]
[vzestup.webpark.cz/karen/LOL/lol030.gif]
[vzestup.webpark.cz/karen/LOL/lol031.gif]
[vzestup.webpark.cz/karen/LOL/lol032.gif]
[vzestup.webpark.cz/karen/LOL/lol033.gif]
[vzestup.webpark.cz/karen/LOL/lol034.gif]
[vzestup.webpark.cz/karen/LOL/lol035.gif]
[vzestup.webpark.cz/karen/LOL/lol036.gif]
[vzestup.webpark.cz/karen/LOL/lol037.gif]
[vzestup.webpark.cz/karen/LOL/lol038.gif]
[vzestup.webpark.cz/karen/LOL/lol039.gif]
[vzestup.webpark.cz/karen/LOL/lol040.gif]
[vzestup.webpark.cz/karen/LOL/lol041.gif]
[vzestup.webpark.cz/karen/LOL/lol042.gif]
[vzestup.webpark.cz/karen/LOL/lol043.gif]
[vzestup.webpark.cz/karen/LOL/lol044.gif]
[vzestup.webpark.cz/karen/LOL/lol045.gif]
[vzestup.webpark.cz/karen/LOL/lol046.gif]
[vzestup.webpark.cz/karen/LOL/lol047.gif]
[vzestup.webpark.cz/karen/LOL/lol048.gif]
[vzestup.webpark.cz/karen/LOL/lolsymboly.html]
[vzestup.webpark.cz/karen/LOL/lolutil.html]
[vzestup.webpark.cz/karen/ca_char1.html]
[vzestup.webpark.cz/karen/a1crechart.html]
[vzestup.webpark.cz/karen/lgsupport.html]
[vzestup.webpark.cz/karen/ca_globu.html]
[vzestup.webpark.cz/karen/mepeaceint.html]
[vzestup.webpark.cz/karen/mebless.html]
[vzestup.webpark.cz/karen/me_underway.html]
[vzestup.webpark.cz/karen/me-1stgate.html]
[vzestup.webpark.cz/karen/me-changegov.html]
[vzestup.webpark.cz/karen/sun1.html]
[vzestup.webpark.cz/karen/sun2.html]
[vzestup.webpark.cz/karen/sun3.html]
[vzestup.webpark.cz/karen/sun7.html]
[vzestup.webpark.cz/karen/easter.html]
[vzestup.webpark.cz/karen/ca_dol1.html]
[vzestup.webpark.cz/karen/nature1.html]
[vzestup.webpark.cz/karen/worldpeaceintend.html]
[vzestup.webpark.cz/karen/ca_hints.gif]
[vzestup.webpark.cz/karen/ca_hints.html]
[vzestup.webpark.cz/karen/meconcl2000.html]
[vzestup.webpark.cz/karen/ascend.html]
[vzestup.webpark.cz/karen/muscle.html]
[vzestup.webpark.cz/katka/Kkniha_soubory/header.html]
[vzestup.webpark.cz/moudra/index_m_soubory/editdata.html]
[vzestup.webpark.cz/moudra/dalajlama.html]
[vzestup.webpark.cz/moudra/umeni_med.html]
[vzestup.webpark.cz/moudra/otcenas.html]
[vzestup.webpark.cz/moudra/venus.html]
[vzestup.webpark.cz/moudra/sprehledem.html]
[vzestup.webpark.cz/moudra/poselstvi_jez.html]
[vzestup.webpark.cz/moudra/silaviry_jez.html]
[vzestup.webpark.cz/moudra/planeta_lasky.html]
[vzestup.webpark.cz/moudra/volanizeme.html]
[vzestup.webpark.cz/moudra/svjan.html]
[vzestup.webpark.cz/moudra/slunzasv.html]
[vzestup.webpark.cz/moudra/ronback.jpg]
[vzestup.webpark.cz/moudra/anchtetl_dopis.html]
[vzestup.webpark.cz/moudra/jaknaodpusteni.html]
[vzestup.webpark.cz/moudra/lyara19990704.html]
[vzestup.webpark.cz/moudra/lyara19990705.html]
[vzestup.webpark.cz/animbtrfly.gif]
[vzestup.webpark.cz/moudra/lyara20001121.html]
[vzestup.webpark.cz/atom.jpg]
[vzestup.webpark.cz/moudra/lyara20011017.html]
[vzestup.webpark.cz/moudra/lyara20011109.html]
[vzestup.webpark.cz/moudra/lyara20011126.html]
[vzestup.webpark.cz/moudra/lyara20020102.html]
[vzestup.webpark.cz/moudra/lyara20020222.html]
[vzestup.webpark.cz/moudra/lyara20020409.html]
[vzestup.webpark.cz/moudra/lyara20020818.html]
[vzestup.webpark.cz/moudra/lyara20020915.html]
[vzestup.webpark.cz/moudra/lyara20040921.html]
[vzestup.webpark.cz/moudra/lyara20041101.html]
[vzestup.webpark.cz/moudra/lyara20041230.html]
[vzestup.webpark.cz/moudra/lyara20050121.html]
[vzestup.webpark.cz/moudra/lyara20050305.html]
[vzestup.webpark.cz/moudra/lyara20050410.html]
[vzestup.webpark.cz/moudra/lyara20050506.html]
[vzestup.webpark.cz/moudra/lyara20060226.html]
[vzestup.webpark.cz/moudra/lyara20060607.html]
[vzestup.webpark.cz/moudra/lyara20060703.html]
[vzestup.webpark.cz/moudra/lyara20060720.html]
[vzestup.webpark.cz/moudra/lyara20060815.html]
[vzestup.webpark.cz/moudra/lyara20060917.html]
[vzestup.webpark.cz/moudra/letitbe.mid]
[vzestup.webpark.cz/moudra/lyara20061110.html]
[vzestup.webpark.cz/moudra/lyara20061207.html]
[vzestup.webpark.cz/moudra/otgateway.jpg]
[vzestup.webpark.cz/moudra/buletin20070530.html]
[vzestup.webpark.cz/moudra/lyara20070812.html]
[vzestup.webpark.cz/moudra/lyara20070822.html]
[vzestup.webpark.cz/moudra/lyara_art1.html]
[vzestup.webpark.cz/moudra/lyara_art5.html]
[vzestup.webpark.cz/moudra/lyara_art6.html]
[vzestup.webpark.cz/moudra/lyara_art7.html]
[vzestup.webpark.cz/moudra/lyara_art8.html]
[vzestup.webpark.cz/moudra/lyara20030105.html]
[vzestup.webpark.cz/moudra/lyara20030724.html]
[vzestup.webpark.cz/moudra/lyara20040622cz.html]
[vzestup.webpark.cz/moudra/lyara20041223.html]
[vzestup.webpark.cz/moudra/lyara20050204.html]
[vzestup.webpark.cz/moudra/lyara20050527.html]
[vzestup.webpark.cz/moudra/lyara20050709.html]
[vzestup.webpark.cz/moudra/lyara20050801.html]
[vzestup.webpark.cz/moudra/lyara20071229.html]
[vzestup.webpark.cz/moudra/lyara20080210.html]
[vzestup.webpark.cz/moudra/lyara20080621.html]
[vzestup.webpark.cz/moudra/lyara20080713.html]
[vzestup.webpark.cz/moudra/lyara20090220.html]
[vzestup.webpark.cz/moudra/lyara20090420cz.html]
[vzestup.webpark.cz/moudra/worldmeditation2.jpg]
[vzestup.webpark.cz/moudra/childrenmeditation.html]
[vzestup.webpark.cz/moudra/harmonicgrid.html]
[vzestup.webpark.cz/moudra/wesak.html]
[vzestup.webpark.cz/moudra/wesaklegenda.html]
[vzestup.webpark.cz/moudra/kvet_med.html]
[vzestup.webpark.cz/moudra/ruiz_plamen.html]
[vzestup.webpark.cz/moudra/firegrid.html]
[vzestup.webpark.cz/moudra/vule_bozi_vuz.gif]
[vzestup.webpark.cz/moudra/vule_bozi0.html]
[vzestup.webpark.cz/moudra/vule_bozi1.html]
[vzestup.webpark.cz/moudra/vule_bozi2.html]
[vzestup.webpark.cz/moudra/vule_bozi3.html]
[vzestup.webpark.cz/moudra/vule_bozi4.html]
[vzestup.webpark.cz/moudra/vule_bozi5.html]
[vzestup.webpark.cz/moudra/vule_bozi6.html]
[vzestup.webpark.cz/moudra/vule_bozi7.html]
[vzestup.webpark.cz/moudra/vule_bozi8.html]
[vzestup.webpark.cz/moudra/vule_bozi9.html]
[vzestup.webpark.cz/moudra/vule_bozi10.html]
[vzestup.webpark.cz/moudra/vule_pozvanka.html]
[vzestup.webpark.cz/moudra/andilek002.gif]
[vzestup.webpark.cz/moudra/karen20070424.html]
[vzestup.webpark.cz/moudra/karen20070621.html]
[vzestup.webpark.cz/moudra/sn20011023.html]
[vzestup.webpark.cz/moudra/sn20011218.html]
[vzestup.webpark.cz/moudra/sn20020305.html]
[vzestup.webpark.cz/moudra/sn20020326.html]
[vzestup.webpark.cz/moudra/sn20020402.html]
[vzestup.webpark.cz/moudra/sn20020409.html]
[vzestup.webpark.cz/moudra/sn20020611.html]
[vzestup.webpark.cz/moudra/sn20020924.html]
[vzestup.webpark.cz/moudra/sn20021008.html]
[vzestup.webpark.cz/moudra/sn20030422.html]
[vzestup.webpark.cz/rc/index_wm_soubory/editdata.html]
[vzestup.webpark.cz/rc/history.html]
[vzestup.webpark.cz/moudra/lyara20090420cz-2.html]
[vzestup.webpark.cz/moudra/lyara20050317.html]
[vzestup.webpark.cz/moudra/megrepraha1.gif]
[vzestup.webpark.cz/moudra/megrepraha.html]
[vzestup.webpark.cz/moudra/pozvanka_dls.html]
[vzestup.webpark.cz/asea/Kkniha_soubory/header.html]
[vzestup.webpark.cz/wm/index_wm_soubory/editdata.html]
[vzestup.webpark.cz/wm/WingMakers-InetTisk.html]
[vzestup.webpark.cz/wm/wmsetup.html]
[vzestup.webpark.cz/serv-s=76000019&t=961654370.html]
[vzestup.webpark.cz/f_plamen/violetflame_soubory/editdata.html]
[vzestup.webpark.cz/f_plamen/nine_steps_soubory/editdata.html]
[vzestup.webpark.cz/f_plamen/presence.html]
[vzestup.webpark.cz/f_plamen/decrees_soubory/editdata.html]
[vzestup.webpark.cz/karen/WIShints_soubory/editdata.html]
[vzestup.webpark.cz/karen/wishints2_soubory/editdata.html]
[vzestup.webpark.cz/karen/WISoverview_soubory/editdata.html]
[vzestup.webpark.cz/karen/a1liber_soubory/header.html]
[vzestup.webpark.cz/karen/a1bodhi_soubory/editdata.html]
[vzestup.webpark.cz/karen/a17harm_soubory/editdata.html]
[vzestup.webpark.cz/karen/LOL/LOLsymboly_soubory/editdata.html]
[vzestup.webpark.cz/karen/a1crechart_soubory/editdata.html]
[vzestup.webpark.cz/karen/mebless_soubory/header.html]
[vzestup.webpark.cz/karen/ca_dol1_soubory/editdata.html]
[vzestup.webpark.cz/karen/worldpeaceintend_soubory/editdata.html]
[vzestup.webpark.cz/moudra/svjan_soubory/editdata.html]
[vzestup.webpark.cz/moudra/lyara20011017_soubory/editdata.html]
[vzestup.webpark.cz/moudra/lyara20011126_soubory/editdata.html]
[vzestup.webpark.cz/moudra/lLyara20060226cz_soubory/editdata.html]
[vzestup.webpark.cz/moudra/lyara20070812_soubory/header.html]
[vzestup.webpark.cz/moudra/lyara_20090220cz_soubory/header.html]
[vzestup.webpark.cz/moudra/vule_bozi3_soubory/editdata.html]
[vzestup.webpark.cz/moudra/vule_bozi3_soubory/header.html]
[vzestup.webpark.cz/moudra/altamajor.html]
[vzestup.webpark.cz/moudra/vule_bozi4_soubory/editdata.html]
[vzestup.webpark.cz/moudra/vule_bozi4_soubory/header.html]
[vzestup.webpark.cz/moudra/vule_bozi5_soubory/editdata.html]
[vzestup.webpark.cz/moudra/vule_bozi5_soubory/header.html]
[vzestup.webpark.cz/moudra/vule_bozi6_soubory/editdata.html]
[vzestup.webpark.cz/moudra/vule_bozi7_soubory/editdata.html]
[vzestup.webpark.cz/moudra/vule_bozi7_soubory/header.html]
[vzestup.webpark.cz/moudra/vule_bozi8_soubory/editdata.html]
[vzestup.webpark.cz/moudra/vule_bozi8_soubory/header.html]
[vzestup.webpark.cz/moudra/vule_bozi9_soubory/header.html]
[vzestup.webpark.cz/moudra/sn20020402_soubory/editdata.html]
[vzestup.webpark.cz/moudra/sn20020409_soubory/editdata.html]
[vzestup.webpark.cz/moudra/megrepraha_soubory/editdata.html]
[counter.cnw.cz/paulaa082.cgi]
[vzestup.webpark.cz/f_plamen/presence.jpg]
[vzestup.webpark.cz/f_plamen/chart.html]
[vzestup.webpark.cz/f_plamen/charttext.html]
[counter.cnw.cz/minitahomae375.cgi]
[vzestup.webpark.cz/f_plamen/chart_soubory/editdata.html]
[vzestup.webpark.cz/f_plamen/index.html]
[vzestup.webpark.cz/kkniha_1s.jpg]
[vzestup.webpark.cz/gautama.jpg]
[vzestup.webpark.cz/katka/horskystit.pdf]
[vzestup.webpark.cz/hsobal.jpg]
[vzestup.webpark.cz/prst.jpg]
[vzestup.webpark.cz/bell2.gif]
[vzestup.webpark.cz/armand1.jpg]
[vzestup.webpark.cz/asea/asea.jpg]
[vzestup.webpark.cz/wm/masthd1.jpg]
[vzestup.webpark.cz/zvonek.gif]
[vzestup.webpark.cz/karen/9_intent.pdf]
[vzestup.webpark.cz/karen/LOL/lolkarty1tisk.pdf]
[vzestup.webpark.cz/karen/LOL/lolkarty2tisk.pdf]
[vzestup.webpark.cz/karen/LOL/lolkarty2.pdf]
[vzestup.webpark.cz/katka/kkniha_2.jpg]
[vzestup.webpark.cz/moudra/the_ultimate_being.jpg]
[vzestup.webpark.cz/moudra/index_m.html]
[vzestup.webpark.cz/rc/index_rc.html]
[vzestup.webpark.cz/moudra/reikiiniciace.pdf]
[vzestup.webpark.cz/moudra/kosorays_v4.pdf]
[vzestup.webpark.cz/moudra/sokaisi_v4.pdf]
[vzestup.webpark.cz/zpravy.html]
[vzestup.webpark.cz/moudra/kofu_v4.pdf]
[vzestup.webpark.cz/moudra/christicforce_v3.pdf]
[vzestup.webpark.cz/moudra/alcyoneradiance_v1.pdf]
[vzestup.webpark.cz/asea/index_asea.html]
[vzestup.webpark.cz/moudra/bilesvetlo_v1.pdf]
[vzestup.webpark.cz/moudra/zalmoxis.pdf]
[vzestup.webpark.cz/moudra/nekonecnalaska.pdf]
[vzestup.webpark.cz/wm/index_wm.html]
[vzestup.webpark.cz/moudra/pravalaska.pdf]
[vzestup.webpark.cz/moudra/kristovo_zezlo.pdf]
[vzestup.webpark.cz/moudra/zasveceni_dvou_srdci.pdf]
[vzestup.webpark.cz/index_lx.html]
[vzestup.webpark.cz/jack/jack03.pdf]
[vzestup.webpark.cz/jack/jack01.pdf]
[vzestup.webpark.cz/jack/jack02.pdf]
[vzestup.webpark.cz/jack/jack04.pdf]
[vzestup.webpark.cz/moudra/kurzbozivule.pdf]
[vzestup.webpark.cz/rc/prst.ico]
[vzestup.webpark.cz/rc/grey1.gif]
[vzestup.webpark.cz/rc/michelangelo.jpg]
[vzestup.webpark.cz/rc/poster_czech1.jpg]
[vzestup.webpark.cz/rc/hn.jpg]
[vzestup.webpark.cz/rc/mail.gif]
[vzestup.webpark.cz/rc/cert1.jpg]
[vzestup.webpark.cz/rc/cert1s.jpg]
[vzestup.webpark.cz/rc/eric02.jpg]
[vzestup.webpark.cz/rc/eric02s.jpg]
[vzestup.webpark.cz/rc/cert2.jpg]
[vzestup.webpark.cz/rc/cert2s.jpg]
[vzestup.webpark.cz/rc/eric01.jpg]
[vzestup.webpark.cz/rc/eric01s.jpg]
[vzestup.webpark.cz/rc/eric04.jpg]
[vzestup.webpark.cz/rc/eric04s.jpg]
[vzestup.webpark.cz/rc/eric03.jpg]
[vzestup.webpark.cz/rc/eric03s.jpg]
[vzestup.webpark.cz/gong.wav]
[vzestup.webpark.cz/wm/james_svrchovana-jednota.pdf]
[vzestup.webpark.cz/wm/zivot_ze_srdce.pdf]
[vzestup.webpark.cz/wm/lyricus4cz.pdf]
[vzestup.webpark.cz/vyzva.doc]
[vzestup.webpark.cz/wm/lyricus3cz.pdf]
[vzestup.webpark.cz/moudra/vzestup.jpg]
[vzestup.webpark.cz/wm/lyricus2cz.pdf]
[vzestup.webpark.cz/wm/lyricus1cz.pdf]
[vzestup.webpark.cz/wm/stone1.jpg]
[vzestup.webpark.cz/wm/masthd5.jpg]
[vzestup.webpark.cz/wm/interview1.pdf]
[vzestup.webpark.cz/wm/interview2.pdf]
[vzestup.webpark.cz/wm/interview3.pdf]
[vzestup.webpark.cz/wm/philosophy1.pdf]
[vzestup.webpark.cz/wm/philosophy2.pdf]
[vzestup.webpark.cz/wm/philosophy3.pdf]
[vzestup.webpark.cz/wm/glossary.pdf]
[vzestup.webpark.cz/wm/manifesto.pdf]
[vzestup.webpark.cz/wm/cosmogony.pdf]
[vzestup.webpark.cz/wm/purpose.pdf]
[vzestup.webpark.cz/wm/eventstrings.pdf]
[vzestup.webpark.cz/wm/mantustia.pdf]
[vzestup.webpark.cz/wm/message.pdf]
[vzestup.webpark.cz/wm/revelation.pdf]
[vzestup.webpark.cz/wm/wm_fs_cz.exe]
[vzestup.webpark.cz/wm/philosophy4.pdf]
[vzestup.webpark.cz/wm/james_justin.pdf]
[vzestup.webpark.cz/wm/wm-darren.pdf]
[vzestup.webpark.cz/wm/wmpoezie.pdf]
[vzestup.webpark.cz/wm/aap1_cz.pdf]
[vzestup.webpark.cz/wm/secret_passages.pdf]
[vzestup.webpark.cz/f_plamen/violetmarble.jpg]
[vzestup.webpark.cz/f_plamen/sgermain.jpg]
[vzestup.webpark.cz/f_plamen/mountainchalice.jpg]
[vzestup.webpark.cz/f_plamen/atombest_sm.gif]
[vzestup.webpark.cz/f_plamen/atombad_sm.gif]
[vzestup.webpark.cz/f_plamen/eraser_bf24.gif]
[vzestup.webpark.cz/f_plamen/vfanim8.gif]
[vzestup.webpark.cz/f_plamen/waterfall_man.jpg]
[vzestup.webpark.cz/karen/ca_egyp1.gif]
[vzestup.webpark.cz/karen/ca_egyp3.gif]
[vzestup.webpark.cz/karen/ca_egyp2.gif]
[vzestup.webpark.cz/karen/ca_5da1.gif]
[vzestup.webpark.cz/karen/ca_egyp5.gif]
[vzestup.webpark.cz/animbtrfly.gif]
[vzestup.webpark.cz/atom.jpg]
[vzestup.webpark.cz/moudra/letitbe.mid]
[vzestup.webpark.cz/moudra/otgateway.jpg]
[vzestup.webpark.cz/moudra/andilek002.gif]
[vzestup.webpark.cz/f_plamen/presence.jpg]
[vzestup.webpark.cz/world001-blue.html]
[vzestup.webpark.cz/LunarPhases/LunarPhases.html]
[vzestup.webpark.cz/f_plamen/index_soubory/filelist.html]
[vzestup.webpark.cz/karen/wisoverview.html]
[vzestup.webpark.cz/karen/ca_char1.html]
[vzestup.webpark.cz/katka/Kkniha_soubory/filelist.html]
[vzestup.webpark.cz/moudra/index_m_soubory/filelist.html]
[vzestup.webpark.cz/moudra/dalajlama.html]
[vzestup.webpark.cz/moudra/Neos.html]
[vzestup.webpark.cz/moudra/Verunka.html]
[vzestup.webpark.cz/moudra/lyara19990704.html]
[vzestup.webpark.cz/moudra/vule_pozvanka.html]
[vzestup.webpark.cz/rc/index_wm_soubory/filelist.html]
[vzestup.webpark.cz/rc/Images/grey.html]
[vzestup.webpark.cz/rc/history.html]
[vzestup.webpark.cz/moudra/lyara20090420cz-2.html]
[vzestup.webpark.cz/moudra/lyara20050317.html]
[vzestup.webpark.cz/moudra/pozvanka_dls.html]
[vzestup.webpark.cz/moudra/Vejdi_1.html]
[vzestup.webpark.cz/moudra/Vejdi_2.html]
[vzestup.webpark.cz/asea/Kkniha_soubory/header.html]
[vzestup.webpark.cz/wm/index_wm_soubory/filelist.html]
[vzestup.webpark.cz/wm/WingMakers-InetTisk.html]
[vzestup.webpark.cz/serv-s=76000019&t=961654370.html]
[vzestup.webpark.cz/f_plamen/violetflame_soubory/filelist.html]
[tsl.org/teachings/violet/images/violetmarble.html]
[tsl.org/teachings/violet/images/mountainchalice.html]
[tsl.org/teachings/violet/audio/I_AM_a_being.238.delayed]
[vzestup.webpark.cz/f_plamen/i_am_a_being.ram]
[tsl.org/teachings/violet/audio/I_AM_a_being.html]
[vzestup.webpark.cz/f_plamen/nine_steps_soubory/filelist.html]
[tsl.org/teachings/violet/images/eraser_bf24.html]
[vzestup.webpark.cz/f_plamen/decrees_soubory/filelist.html]
[tsl.org/teachings/violet/audio/Tube_of_Light.ra]
[vzestup.webpark.cz/f_plamen/tube_of_light.ram]
[tsl.org/teachings/violet/audio/Tube_of_Light.html]
[tsl.org/teachings/violet/audio/Traveling_Protection.ra]
[vzestup.webpark.cz/f_plamen/traveling_protection.ram]
[tsl.org/teachings/violet/audio/Traveling_Protection.html]
[tsl.org/teachings/violet/audio/Guard_guard_guard_us.ra]
[vzestup.webpark.cz/f_plamen/guard_guard_guard_us.ram]
[tsl.org/teachings/violet/audio/Guard_guard_guard_us.html]
[tsl.org/teachings/violet/audio/More_violet_fire.ra]
[vzestup.webpark.cz/f_plamen/more_violet_fire.ram]
[tsl.org/teachings/violet/audio/More_violet_fire.html]
[tsl.org/teachings/violet/audio/Radiant_spiral_violet.ra]
[vzestup.webpark.cz/f_plamen/radiant_spiral_violet.ram]
[tsl.org/teachings/violet/audio/Radiant_spiral_violet.html]
[vzestup.webpark.cz/karen/WIShints_soubory/filelist.html]
[vzestup.webpark.cz/karen/wishints2_soubory/filelist.html]
[vzestup.webpark.cz/karen/WISoverview_soubory/filelist.html]
[vzestup.webpark.cz/karen/a1liber_soubory/filelist.html]
[vzestup.webpark.cz/karen/a1bodhi_soubory/filelist.html]
[vzestup.webpark.cz/karen/a17harm_soubory/filelist.html]
[vzestup.webpark.cz/karen/LOL/LOLsymboly_soubory/filelist.html]
[vzestup.webpark.cz/karen/LOL/lolutil_soubory/filelist.html]
[vzestup.webpark.cz/karen/a1crechart_soubory/filelist.html]
[vzestup.webpark.cz/karen/lgsupport_soubory/filelist.html]
[vzestup.webpark.cz/karen/mebless_soubory/filelist.html]
[vzestup.webpark.cz/karen/me_underway_soubory/filelist.html]
[vzestup.webpark.cz/karen/me-1stgate_soubory/filelist.html]
[vzestup.webpark.cz/karen/me-changegov_soubory/filelist.html]
[vzestup.webpark.cz/karen/sun1_soubory/filelist.html]
[vzestup.webpark.cz/karen/sun2_soubory/filelist.html]
[vzestup.webpark.cz/karen/sun3_soubory/filelist.html]
[vzestup.webpark.cz/karen/sun7_soubory/filelist.html]
[vzestup.webpark.cz/karen/easter_soubory/filelist.html]
[vzestup.webpark.cz/karen/ca_dol1_soubory/filelist.html]
[vzestup.webpark.cz/karen/worldpeaceintend_soubory/filelist.html]
[vzestup.webpark.cz/karen/ascend_soubory/filelist.html]
[vzestup.webpark.cz/karen/muscle_soubory/filelist.html]
[vzestup.webpark.cz/moudra/dalajlama_soubory/filelist.html]
[vzestup.webpark.cz/moudra/umeni_med_soubory/filelist.html]
[vzestup.webpark.cz/moudra/otcenas_soubory/filelist.html]
[vzestup.webpark.cz/moudra/venus_soubory/filelist.html]
[vzestup.webpark.cz/moudra/sprehledem_soubory/filelist.html]
[vzestup.webpark.cz/moudra/poselstvi_jez_soubory/filelist.html]
[vzestup.webpark.cz/moudra/Silaviry_jez_soubory/filelist.html]
[vzestup.webpark.cz/moudra/planeta_lasky_soubory/filelist.html]
[vzestup.webpark.cz/moudra/volanizeme_soubory/filelist.html]
[vzestup.webpark.cz/moudra/svjan_soubory/filelist.html]
[vzestup.webpark.cz/moudra/svjan_soubory/image001.html]
[vzestup.webpark.cz/moudra/svjan_soubory/image002.html]
[vzestup.webpark.cz/moudra/svjan_soubory/image003.html]
[vzestup.webpark.cz/moudra/svjan_soubory/image004.html]
[vzestup.webpark.cz/moudra/svjan_soubory/image005.html]
[vzestup.webpark.cz/moudra/svjan_soubory/image006.html]
[vzestup.webpark.cz/moudra/svjan_soubory/image007.html]
[vzestup.webpark.cz/moudra/slunmed_soubory/filelist.html]
[vzestup.webpark.cz/moudra/anchtetl_dopis_soubory/filelist.html]
[vzestup.webpark.cz/moudra/anchtetl_dopis_soubory/preview.html]
[vzestup.webpark.cz/moudra/lyara19990704_soubory/filelist.html]
[vzestup.webpark.cz/moudra/lyara19990705_soubory/filelist.html]
[vzestup.webpark.cz/moudra/lyara20001121_soubory/filelist.html]
[vzestup.webpark.cz/moudra/lyara20011017_soubory/filelist.html]
[vzestup.webpark.cz/moudra/lyara20011109_soubory/filelist.html]
[vzestup.webpark.cz/moudra/lyara20011126_soubory/filelist.html]
[vzestup.webpark.cz/moudra/lyara_20020102_soubory/filelist.html]
[vzestup.webpark.cz/moudra/lyara20020222_soubory/filelist.html]
[vzestup.webpark.cz/moudra/lyara20020409_soubory/filelist.html]
[vzestup.webpark.cz/moudra/lyara20020818_soubory/filelist.html]
[vzestup.webpark.cz/moudra/Lyara20020915_soubory/filelist.html]
[vzestup.webpark.cz/moudra/lyara20040921_soubory/filelist.html]
[vzestup.webpark.cz/moudra/lyara20041101_soubory/filelist.html]
[vzestup.webpark.cz/moudra/lyara20041230_soubory/filelist.html]
[vzestup.webpark.cz/moudra/lyara20050121_soubory/filelist.html]
[vzestup.webpark.cz/moudra/lyara20050305_soubory/filelist.html]
[vzestup.webpark.cz/moudra/lyara20050410_soubory/filelist.html]
[vzestup.webpark.cz/moudra/lyara20050506_soubory/filelist.html]
[vzestup.webpark.cz/moudra/lLyara20060226cz_soubory/filelist.html]
[vzestup.webpark.cz/moudra/shapiro.html]
[vzestup.webpark.cz/moudra/Lyara20060607cz_soubory/filelist.html]
[vzestup.webpark.cz/moudra/lyara20060703_soubory/filelist.html]
[vzestup.webpark.cz/moudra/lyara20060720_soubory/filelist.html]
[vzestup.webpark.cz/moudra/lyara20060815_soubory/filelist.html]
[vzestup.webpark.cz/moudra/lyara20060917_soubory/filelist.html]
[vzestup.webpark.cz/moudra/lyara20061110_soubory/filelist.html]
[vzestup.webpark.cz/moudra/lyara20061207_soubory/filelist.html]
[vzestup.webpark.cz/moudra/lyara20070812_soubory/filelist.html]
[vzestup.webpark.cz/moudra/lyara20070822_soubory/filelist.html]
[vzestup.webpark.cz/moudra/Lyara_art1_soubory/filelist.html]
[vzestup.webpark.cz/moudra/lyara_art5_soubory/filelist.html]
[vzestup.webpark.cz/moudra/lyara_art6_soubory/filelist.html]
[vzestup.webpark.cz/moudra/lyara_art7_soubory/filelist.html]
[vzestup.webpark.cz/moudra/lyara_art8_soubory/filelist.html]
[vzestup.webpark.cz/moudra/lyara20030105_soubory/filelist.html]
[vzestup.webpark.cz/moudra/lyara20030724_soubory/filelist.html]
[vzestup.webpark.cz/moudra/lyara20040622cz_soubory/filelist.html]
[vzestup.webpark.cz/moudra/Lyara20041223_soubory/filelist.html]
[vzestup.webpark.cz/moudra/lyara20050204_soubory/filelist.html]
[vzestup.webpark.cz/moudra/lyara20050527_soubory/filelist.html]
[vzestup.webpark.cz/moudra/lyara20050709_soubory/filelist.html]
[vzestup.webpark.cz/moudra/lyara20050801_soubory/filelist.html]
[vzestup.webpark.cz/moudra/lyara20071229_soubory/filelist.html]
[vzestup.webpark.cz/moudra/lyara20080210_soubory/filelist.html]
[vzestup.webpark.cz/moudra/lyara20080621_soubory/filelist.html]
[vzestup.webpark.cz/moudra/lyara20080713_soubory/filelist.html]
[vzestup.webpark.cz/moudra/lyara_20090220cz_soubory/filelist.html]
[vzestup.webpark.cz/moudra/harmonicgrid_soubory/filelist.html]
[vzestup.webpark.cz/moudra/wesak_soubory/filelist.html]
[vzestup.webpark.cz/moudra/ruiz_plamen_soubory/filelist.html]
[www.firethegrid.com/eng/Anael-Be-Still-Thy-Soul.html]
[www.firethegrid.com/eng/Heaven-&-Earth-Spirits.html]
[www.firethegrid.com/eng/Sky-Sent.html]
[vzestup.webpark.cz/moudra/vule_bozi0_soubory/filelist.html]
[vzestup.webpark.cz/moudra/vule_bozi_soubory/filelist.html]
[vzestup.webpark.cz/moudra/vule_bozi2_soubory/filelist.html]
[vzestup.webpark.cz/moudra/vule_bozi3_soubory/filelist.html]
[vzestup.webpark.cz/moudra/vule_bozi4_soubory/filelist.html]
[vzestup.webpark.cz/moudra/vule_bozi5_soubory/filelist.html]
[vzestup.webpark.cz/moudra/vule_bozi6_soubory/filelist.html]
[vzestup.webpark.cz/moudra/vule_bozi7_soubory/filelist.html]
[vzestup.webpark.cz/moudra/vule_bozi8_soubory/filelist.html]
[vzestup.webpark.cz/moudra/vule_bozi9_soubory/filelist.html]
[vzestup.webpark.cz/moudra/vule_bozi10_soubory/filelist.html]
[vzestup.webpark.cz/moudra/karen20070424_soubory/filelist.html]
[vzestup.webpark.cz/moudra/karen20070621_soubory/filelist.html]
[vzestup.webpark.cz/moudra/sn20011218_soubory/filelist.html]
[vzestup.webpark.cz/moudra/sn20020305_soubory/filelist.html]
[vzestup.webpark.cz/moudra/sn20020326_soubory/filelist.html]
[vzestup.webpark.cz/moudra/sn20020402_soubory/filelist.html]
[vzestup.webpark.cz/moudra/sn20020409_soubory/filelist.html]
[vzestup.webpark.cz/moudra/sn20020611_soubory/filelist.html]
[vzestup.webpark.cz/moudra/sn20020924_soubory/filelist.html]
[vzestup.webpark.cz/moudra/sn20021008_soubory/filelist.html]
[vzestup.webpark.cz/moudra/sn20030422_soubory/filelist.html]
[vzestup.webpark.cz/moudra/lyara20090420cz_soubory/filelist.html]
[vzestup.webpark.cz/moudra/lyara20050317_soubory/filelist.html]
[vzestup.webpark.cz/moudra/megrepraha_soubory/filelist.html]
[vzestup.webpark.cz/moudra/pozvanka_dls_soubory/filelist.html]
[vzestup.webpark.cz/f_plamen/presence_soubory/filelist.html]
[vzestup.webpark.cz/moudra/altamajor_soubory/filelist.html]
[vzestup.webpark.cz/f_plamen/chart_soubory/filelist.html]
[vzestup.webpark.cz/f_plamen/charttext_soubory/filelist.html]
[tsl.org/teachings/violet/audio/I_AM_a_being-2.html]
[tsl.org/teachings/violet/audio/Tube_of_Light-2.html]
[tsl.org/teachings/violet/audio/Traveling_Protection-2.html]
[tsl.org/teachings/violet/audio/Guard_guard_guard_us-2.html]
[tsl.org/teachings/violet/audio/More_violet_fire-2.html]
[tsl.org/teachings/violet/audio/Radiant_spiral_violet-2.html]
[counter.cnw.cz/minitahomae375.cgi]
